ERROR: <urlopen error [WinError 10061] No connection could be made because the target machine actively refused it>
